// Jest Snapshot v1, https://goo.gl/fbAQLP

exports[`Review component should render correctly 1`] = `
<div>
  <table
    id="table"
  >
    <tbody
      id="tbody"
    >
      <tr>
        <td
          id="username"
        >
          lwhiskin5
        </td>
      </tr>
      <tr>
        <td
          id="star"
        >
          4
           star: 
        </td>
        <td
          id="reviewTitle"
        >
          really good
        </td>
      </tr>
      <tr>
        <td
          colSpan="2"
          id="data"
        >
          8/20/2017
        </td>
      </tr>
      <tr>
        <td
          colSpan="2"
          id="purchased"
        >
          
           
        </td>
      </tr>
      <tr>
        <td
          colSpan="2"
        >
          This product is flawless. works really well.
           
        </td>
      </tr>
    </tbody>
  </table>
</div>
`;
